Fatal error: File "test-case.md", line 3, characters 25-29: invalid code block: `toto` is not a valid label.