Fatal error while parsing file: File "test-case.md", line 3, characters 100-104: invalid code block: cannot mix both block labels syntax