Error in the cram code block in test-case.t at line 5:
Blocks must start with a command or similar, not with an output line. Please, make sure that there's no spare empty line, particularly between the output and its input.
