Fatal error while parsing file: File "test-case.md", lines 3-5, characters 36-0: invalid code block: `part` is not supported for non-OCaml code blocks.