Fatal error: File "test-case.md", line 3, characters 50-54: invalid code block: "bar" is not a valid value for label `non-deterministic`. Valid values are <none>, "command" and "output". Label `skip` does not allow a value.