Error in the cram code block in test-case.t at line 3:
Blocks must start with a command or similar, not with an output line. To indicate a line as a command, start it with a dollar followed by a space.
